// Jest Snapshot v1, https://goo.gl/fbAQLP

exports[`App component should render app without error 1`] = `
<DocumentFragment>
  <div
    class="MuiBox-root MuiBox-root-1"
  >
    <div
      class="MuiBox-root MuiBox-root-2"
    >
      <header
        class="MuiPaper-root MuiAppBar-root MuiAppBar-positionFixed MuiAppBar-colorPrimary mui-fixed MuiPaper-elevation4"
      >
        <div
          class="MuiToolbar-root MuiToolbar-dense MuiToolbar-gutters"
        >
          <h6
            class="MuiTypography-root MuiTypography-h6 MuiTypography-colorInherit"
          >
            Book World
          </h6>
        </div>
      </header>
    </div>
    <div
      class="MuiBox-root MuiBox-root-3"
    >
      <div
        class="MuiBox-root MuiBox-root-10 makeStyles-bookContainer-4"
      >
        <div
          class="MuiBox-root MuiBox-root-11 makeStyles-bookFilter-5"
        >
          <div
            class="MuiPaper-root makeStyles-bookFilterPaper-6 MuiPaper-elevation1 MuiPaper-rounded"
          >
            Book Filter
          </div>
        </div>
        <div
          class="MuiBox-root MuiBox-root-12 makeStyles-bookList-7"
        >
          <div
            class="MuiBox-root MuiBox-root-13"
          >
            <span
              class="MuiSkeleton-root MuiSkeleton-rect MuiSkeleton-pulse"
              data-testid="book-loader"
              style="width: 80%; height: 200px;"
            />
          </div>
        </div>
      </div>
    </div>
  </div>
</DocumentFragment>
`;
