// Jest Snapshot v1, https://goo.gl/fbAQLP

exports[`App component should render app without error 1`] = `
<DocumentFragment>
  <div
    class="MuiBox-root MuiBox-root-1"
  >
    <div
      class="MuiBox-root MuiBox-root-2"
    >
      <header
        class="MuiPaper-root MuiAppBar-root MuiAppBar-positionFixed MuiAppBar-colorPrimary mui-fixed MuiPaper-elevation4"
      >
        <div
          class="MuiToolbar-root MuiToolbar-dense MuiToolbar-gutters"
        >
          <h6
            class="MuiTypography-root MuiTypography-h6 MuiTypography-colorInherit"
          >
            Book World
          </h6>
        </div>
      </header>
    </div>
    <div
      class="MuiBox-root MuiBox-root-3"
    >
      <div
        class="MuiBox-root MuiBox-root-10 makeStyles-bookContainer-4"
      >
        <div
          class="MuiBox-root MuiBox-root-11 makeStyles-bookFilter-5"
        >
          <div
            class="MuiPaper-root makeStyles-bookFilterPaper-6 MuiPaper-elevation1 MuiPaper-rounded"
          >
            <div
              class="MuiBox-root MuiBox-root-12"
            >
              <h6
                class="MuiTypography-root MuiTypography-h6 MuiTypography-alignCenter"
              >
                Search Book Filter
              </h6>
              <div
                class="MuiBox-root MuiBox-root-13"
              >
                <div
                  class="MuiFormControl-root MuiTextField-root"
                  data-testid="book-title-input"
                >
                  <label
                    class="MuiFormLabel-root MuiInputLabel-root MuiInputLabel-formControl MuiInputLabel-animated MuiInputLabel-outlined"
                    data-shrink="false"
                    for="book-search"
                    id="book-search-label"
                  >
                    Enter book title
                  </label>
                  <div
                    class="MuiInputBase-root MuiOutlinedInput-root MuiInputBase-formControl"
                  >
                    <input
                      aria-invalid="false"
                      class="MuiInputBase-input MuiOutlinedInput-input"
                      id="book-search"
                      placeholder="Enter book title"
                      type="text"
                      value=""
                    />
                    <fieldset
                      aria-hidden="true"
                      class="PrivateNotchedOutline-root-14 MuiOutlinedInput-notchedOutline"
                    >
                      <legend
                        class="PrivateNotchedOutline-legendLabelled-16"
                      >
                        <span>
                          Enter book title
                        </span>
                      </legend>
                    </fieldset>
                  </div>
                </div>
              </div>
              <div
                class="MuiGrid-root MuiGrid-container MuiGrid-justify-content-xs-flex-end"
              >
                <button
                  class="MuiButtonBase-root MuiButton-root MuiButton-contained MuiButton-containedPrimary"
                  tabindex="0"
                  type="button"
                >
                  <span
                    class="MuiButton-label"
                  >
                    Search
                  </span>
                  <span
                    class="MuiTouchRipple-root"
                  />
                </button>
              </div>
            </div>
          </div>
        </div>
        <div
          class="MuiBox-root MuiBox-root-18 makeStyles-bookList-7"
        >
          <div
            class="MuiBox-root MuiBox-root-19"
          >
            <span
              class="MuiSkeleton-root MuiSkeleton-rect MuiSkeleton-pulse"
              data-testid="book-loader"
              style="width: 80%; height: 200px;"
            />
          </div>
        </div>
      </div>
    </div>
  </div>
</DocumentFragment>
`;
